// Jest Snapshot v1, https://goo.gl/fbAQLP

exports[`<ClaimUsernameForm /> should render the claimUsernameForm correctly 1`] = `
<form
  class="c-cAYWOa c-dWDLra"
>
  <div
    class="c-jlrPyi c-jlrPyi-cAYvGz-size-sm"
  >
    <span
      class="c-bOKaMi"
    >
      ignite.com/
    </span>
    <input
      class="c-grKefI"
      name="username"
      placeholder="seu-usuÃ¡rio"
    />
  </div>
  <button
    class="c-jZXQKc c-jZXQKc-hazApa-variant-primary c-jZXQKc-eeFPgf-size-sm"
    type="submit"
  >
    Reservar
    <svg
      fill="currentColor"
      height="1em"
      viewBox="0 0 256 256"
      width="1em"
      xmlns="http://www.w3.org/2000/svg"
    >
      <rect
        fill="none"
        height="256"
        width="256"
      />
      <line
        fill="none"
        stroke="currentColor"
        stroke-linecap="round"
        stroke-linejoin="round"
        stroke-width="16"
        x1="40"
        x2="216"
        y1="128"
        y2="128"
      />
      <polyline
        fill="none"
        points="144 56 216 128 144 200"
        stroke="currentColor"
        stroke-linecap="round"
        stroke-linejoin="round"
        stroke-width="16"
      />
    </svg>
  </button>
</form>
`;
